// Jest Snapshot v1, https://goo.gl/fbAQLP

exports[`<Button view/> renders correctly 1`] = `
<View
  style={
    Object {
      "alignItems": "center",
      "width": "100%",
    }
  }
>
  <View
    accessible={true}
    focusable={false}
    isTVSelectable={true}
    onClick={[Function]}
    onResponderGrant={[Function]}
    onResponderMove={[Function]}
    onResponderRelease={[Function]}
    onResponderTerminate={[Function]}
    onResponderTerminationRequest={[Function]}
    onStartShouldSetResponder={[Function]}
    style={
      Object {
        "opacity": 1,
      }
    }
  >
    <View
      style={
        Object {
          "alignItems": "center",
          "borderRadius": 10,
          "elevation": 1,
          "flex": 1,
          "height": 120,
          "margin": 15,
          "overflow": "visible",
          "width": "30%",
        }
      }
    >
      <View
        style={
          Object {
            "backgroundColor": undefined,
            "borderRadius": 10,
            "flex": 1,
            "padding": 10,
            "shadowColor": "black",
            "shadowOffset": Object {
              "height": 2,
              "width": 0,
            },
            "shadowOpacity": 0.26,
            "shadowRadius": 1,
          }
        }
      >
        <View
          style={
            Object {
              "alignItems": "center",
              "flex": 1,
              "height": "100%",
              "justifyContent": "center",
              "opacity": 0.7,
              "width": "100%",
            }
          }
        >
          <Text />
        </View>
      </View>
    </View>
  </View>
</View>
`;
