// Jest Snapshot v1, https://goo.gl/fbAQLP

exports[`<Button view/> renders correctly 1`] = `
<View
  accessible={true}
  focusable={false}
  isTVSelectable={true}
  onClick={[Function]}
  onResponderGrant={[Function]}
  onResponderMove={[Function]}
  onResponderRelease={[Function]}
  onResponderTerminate={[Function]}
  onResponderTerminationRequest={[Function]}
  onStartShouldSetResponder={[Function]}
  style={
    Object {
      "opacity": 1,
    }
  }
>
  <View
    style={
      Object {
        "backgroundColor": "#cccccc",
        "borderRadius": 25,
        "margin": 3,
        "paddingHorizontal": 15,
        "paddingVertical": 5,
      }
    }
  >
    <Text
      style={
        Object {
          "color": "white",
          "fontFamily": "open-sans",
          "fontSize": 18,
        }
      }
    />
  </View>
</View>
`;
